2025-05-18 19:52:37,098 - WARNING - No API keys available for answer processing
2025-05-18 19:52:37,098 - INFO - Processing answer for question: How many studio albums did Mercedes Sosa release between 2000 and 2009?...
2025-05-18 19:52:37,098 - INFO - Transformed answer: 'Based on my analysis, Mercedes Sosa published 4 studio albums between 2000 and 2009....' -> '4'
2025-05-18 19:52:41,419 - WARNING - No API keys available for answer processing
2025-05-18 19:52:41,420 - INFO - Processing answer for question: List all vegetables found in the recipe, alphabetically....
2025-05-18 19:52:41,420 - INFO - Transformed answer: 'The recipe contains the following vegetables: tomatoes, onions, bell peppers, garlic, and carrots....' -> 'The recipe contains the following vegetables: tomatoes, and carrots., bell peppers, garlic, onions'
2025-05-18 19:53:17,890 - WARNING - No API keys available for answer processing
2025-05-18 19:53:17,890 - INFO - Processing answer for question: List all vegetables found in the recipe, alphabetically....
2025-05-18 19:53:17,891 - INFO - Transformed answer: 'The recipe contains the following vegetables: tomatoes, onions, bell peppers, garlic, and carrots....' -> 'bell peppers, carrots, garlic, onions, vegetables: tomatoes'
2025-05-18 19:53:52,542 - WARNING - No API keys available for answer processing
2025-05-18 19:53:52,542 - INFO - Processing answer for question: List all vegetables found in the recipe, alphabetically....
2025-05-18 19:53:52,543 - INFO - Transformed answer: 'The recipe contains the following vegetables: tomatoes, onions, bell peppers, garlic, and carrots....' -> 'bell peppers, carrots, garlic, onions, tomatoes'
2025-05-18 19:53:56,669 - WARNING - No API keys available for answer processing
2025-05-18 19:53:56,670 - INFO - Processing answer for question: How many studio albums did Mercedes Sosa release between 2000 and 2009?...
2025-05-18 19:53:56,670 - INFO - Transformed answer: 'Based on my analysis, Mercedes Sosa published 4 studio albums between 2000 and 2009....' -> '4'
2025-05-18 20:11:04,587 - WARNING - No API keys available for answer processing
2025-05-18 20:11:04,594 - WARNING - No API keys available for answer processing
2025-05-18 20:11:04,594 - INFO - Processing answer for question: In this chess position, what is the best move for white?...
2025-05-18 20:11:04,595 - INFO - Using pattern-based extraction
2025-05-18 20:11:04,596 - INFO - Transformed answer: 'After analyzing the position, I find that the best move for white is e4, developing the pawn and con...' -> 'e4'
2025-05-18 20:11:04,596 - INFO - Processing answer for question: What's the winning move in this position?...
2025-05-18 20:11:04,596 - INFO - Using pattern-based extraction
2025-05-18 20:11:04,596 - INFO - Transformed answer: 'The winning move is Qxd5, capturing the opponent's queen and putting the king in check....' -> 'The winning move is Qxd5, capturing the opponent's'
2025-05-18 20:11:04,597 - WARNING - No API keys available for answer processing
2025-05-18 20:11:04,597 - INFO - Processing answer for question: Write a Python function to calculate the factorial of a number....
2025-05-18 20:11:04,597 - INFO - Using pattern-based extraction
2025-05-18 20:11:04,597 - INFO - Transformed answer: 'To calculate the factorial of a number in Python, you can use the following function:

```python
def...' -> '0'
2025-05-18 20:11:04,597 - WARNING - No API keys available for answer processing
2025-05-18 20:11:04,597 - INFO - Processing answer for question: What are the coordinates of the Eiffel Tower?...
2025-05-18 20:11:04,597 - INFO - Using pattern-based extraction
2025-05-18 20:11:04,597 - INFO - Transformed answer: 'The Eiffel Tower is located at coordinates 48.8584, 2.2945 in Paris, France....' -> '2945 in Paris, France'
2025-05-18 20:11:04,598 - WARNING - No API keys available for answer processing
2025-05-18 20:11:04,598 - INFO - Processing answer for question: When was the Declaration of Independence signed?...
2025-05-18 20:11:04,598 - INFO - Using pattern-based extraction
2025-05-18 20:11:04,598 - INFO - Transformed answer: 'The Declaration of Independence was officially signed on 08/02/1776, although July 4th is celebrated...' -> 'The Declaration of Independence was officially sig'
2025-05-18 20:11:04,598 - WARNING - No API keys available for answer processing
2025-05-18 20:11:04,598 - INFO - Processing answer for question: How many lines are in the file?...
2025-05-18 20:11:04,598 - INFO - Using pattern-based extraction
2025-05-18 20:11:04,598 - INFO - Transformed answer: 'After analyzing the file, I found that it contains 247 lines in total....' -> '247'
2025-05-18 20:11:04,598 - INFO - Processing answer for question: What is the API key used in the configuration file?...
2025-05-18 20:11:04,598 - INFO - Using pattern-based extraction
2025-05-18 20:11:04,598 - INFO - Transformed answer: 'The configuration file contains the API key 'a1b2c3d4e5f6' which is used for authentication....' -> 'The configuration file contains the API key 'a1b2c'
2025-05-18 20:11:04,599 - WARNING - No API keys available for answer processing
2025-05-18 20:11:04,599 - INFO - Processing answer for question: List all the planets in our solar system....
2025-05-18 20:11:04,599 - INFO - Using pattern-based extraction
2025-05-18 20:11:04,599 - INFO - Transformed answer: 'The planets in our solar system are Mercury, Venus, Earth, Mars, Jupiter, Saturn, Uranus, and Neptun...' -> 'planets in our solar system are Mercury, Venus, Earth, Mars, Jupiter, Saturn, Uranus,'
2025-05-18 20:11:04,599 - WARNING - No API keys available for answer processing
2025-05-18 20:11:04,599 - INFO - Processing answer for question: Which option best describes photosynthesis? A) Respiration B) Energy conversion C) Digestion...
2025-05-18 20:11:04,599 - INFO - Using pattern-based extraction
2025-05-18 20:11:04,599 - INFO - Transformed answer: 'Photosynthesis is the process by which plants convert light energy into chemical energy. This is an ...' -> 'B'
2025-05-18 20:11:04,599 - INFO - Processing answer for question: Select the correct definition: 1) RAM 2) ROM 3) CPU 4) GPU...
2025-05-18 20:11:04,599 - INFO - Using pattern-based extraction
2025-05-18 20:11:04,599 - INFO - Transformed answer: 'Looking at the options, the CPU (Central Processing Unit) is the main processor of a computer. The a...' -> '3'
2025-05-18 20:11:04,599 - WARNING - No API keys available for answer processing
2025-05-18 20:11:04,599 - INFO - Processing answer for question: How many studio albums did Mercedes Sosa release between 2000 and 2009?...
2025-05-18 20:11:04,599 - INFO - Using pattern-based extraction
2025-05-18 20:11:04,599 - INFO - Transformed answer: 'Based on my analysis, Mercedes Sosa published 4 studio albums between 2000 and 2009....' -> '4'
2025-05-18 20:11:04,599 - INFO - Processing answer for question: What is the distance between Earth and the Moon in kilometers?...
2025-05-18 20:11:04,600 - INFO - Using pattern-based extraction
2025-05-18 20:11:04,600 - INFO - Transformed answer: 'The average distance between Earth and the Moon is approximately 384,400 kilometers....' -> 'The average distance between Earth and the Moon is'
2025-05-18 20:11:04,600 - WARNING - No API keys available for answer processing
2025-05-18 20:11:04,600 - INFO - Processing answer for question: What is 7 + 15?...
2025-05-18 20:11:04,600 - INFO - Using pattern-based extraction
2025-05-18 20:11:04,600 - INFO - Transformed answer: 'The answer is 22....' -> '22'
2025-05-18 20:11:04,600 - INFO - Processing answer for question: What is 7 + 15?...
2025-05-18 20:11:04,600 - INFO - Using pattern-based extraction
2025-05-18 20:11:04,600 - INFO - Transformed answer: 'According to the data, 22....' -> '22'
2025-05-18 20:11:04,600 - INFO - Processing answer for question: What is 7 + 15?...
2025-05-18 20:11:04,600 - INFO - Using pattern-based extraction
2025-05-18 20:11:04,600 - INFO - Transformed answer: 'Based on my analysis, 22....' -> '22'
2025-05-18 20:11:04,600 - INFO - Processing answer for question: What is 7 + 15?...
2025-05-18 20:11:04,600 - INFO - Using pattern-based extraction
2025-05-18 20:11:04,600 - INFO - Transformed answer: 'The result is 22....' -> '22'
2025-05-18 20:11:04,600 - INFO - Processing answer for question: What is 7 + 15?...
2025-05-18 20:11:04,600 - INFO - Using pattern-based extraction
2025-05-18 20:11:04,600 - INFO - Transformed answer: 'Therefore, 22....' -> '22'
2025-05-18 20:11:04,600 - WARNING - No API keys available for answer processing
2025-05-18 20:11:04,600 - INFO - Processing answer for question: What does the reversed text 'gnimmargorp' mean?...
2025-05-18 20:11:04,601 - INFO - Using pattern-based extraction
2025-05-18 20:11:04,601 - INFO - Transformed answer: 'The reversed text 'gnimmargorp' is 'programming' spelled backwards....' -> 'The reversed text 'gnimmargorp' is 'programming' spelled backwards'
2025-05-18 20:11:04,601 - WARNING - No API keys available for answer processing
2025-05-18 20:11:04,601 - INFO - Processing answer for question: What is the capital of France?...
2025-05-18 20:11:04,601 - INFO - Using pattern-based extraction
2025-05-18 20:11:04,601 - INFO - Transformed answer: 'The capital of France is Paris....' -> 'The capital of France is Paris'
2025-05-18 20:11:04,601 - WARNING - No API keys available for answer processing
2025-05-18 20:11:04,601 - INFO - Processing answer for question: What are the primary colors?...
2025-05-18 20:11:04,601 - INFO - Using pattern-based extraction
2025-05-18 20:11:04,601 - INFO - Transformed answer: 'The primary colors in the traditional RYB color model used in art and painting are red, yellow, and ...' -> 'primary colors in the traditional RYB color model used in art and painting are red, yellow,'
2025-05-18 20:11:04,601 - WARNING - No API keys available for answer processing
2025-05-18 20:11:04,601 - INFO - Processing answer for question: Is water a compound?...
2025-05-18 20:11:04,601 - INFO - Using pattern-based extraction
2025-05-18 20:11:04,601 - INFO - Transformed answer: 'Yes, water (H2O) is a compound because it's made up of two hydrogen atoms and one oxygen atom....' -> 'Yes, water (H2O) is a compound because it's made u'
2025-05-18 20:13:10,935 - WARNING - No API keys available for answer processing
2025-05-18 20:13:10,942 - WARNING - No API keys available for answer processing
2025-05-18 20:13:10,942 - INFO - Processing answer for question: In this chess position, what is the best move for white?...
2025-05-18 20:13:10,943 - INFO - Using pattern-based extraction
2025-05-18 20:13:10,943 - INFO - Transformed answer: 'After analyzing the position, I find that the best move for white is e4, developing the pawn and con...' -> 'e4'
2025-05-18 20:13:10,943 - INFO - Processing answer for question: What's the winning move in this position?...
2025-05-18 20:13:10,943 - INFO - Using pattern-based extraction
2025-05-18 20:13:10,944 - INFO - Transformed answer: 'The winning move is Qxd5, capturing the opponent's queen and putting the king in check....' -> 'Qxd5'
2025-05-18 20:13:10,944 - INFO - Processing answer for question: What is the safest move for the king in this position?...
2025-05-18 20:13:10,944 - INFO - Using pattern-based extraction
2025-05-18 20:13:10,944 - INFO - Transformed answer: 'The safest move for the king is to castle kingside with O-O, which moves the king to safety and deve...' -> 'to castle kingside with O-O'
2025-05-18 20:13:10,945 - WARNING - No API keys available for answer processing
2025-05-18 20:13:10,945 - INFO - Processing answer for question: Write a Python function to calculate the factorial of a number....
2025-05-18 20:13:10,945 - INFO - Using pattern-based extraction
2025-05-18 20:13:10,945 - INFO - Transformed answer: 'To calculate the factorial of a number in Python, you can use the following function:

```python
def...' -> '0'
2025-05-18 20:13:10,945 - WARNING - No API keys available for answer processing
2025-05-18 20:13:10,945 - INFO - Processing answer for question: What are the coordinates of the Eiffel Tower?...
2025-05-18 20:13:10,945 - INFO - Using pattern-based extraction
2025-05-18 20:13:10,946 - INFO - Transformed answer: 'The Eiffel Tower is located at coordinates 48.8584, 2.2945 in Paris, France....' -> 'Eiffel Tower is located at coordinates 48.8584, 2.2945 in Paris, France'
2025-05-18 20:13:10,946 - WARNING - No API keys available for answer processing
2025-05-18 20:13:10,946 - INFO - Processing answer for question: When was the Declaration of Independence signed?...
2025-05-18 20:13:10,946 - INFO - Using pattern-based extraction
2025-05-18 20:13:10,946 - INFO - Transformed answer: 'The Declaration of Independence was officially signed on 08/02/1776, although July 4th is celebrated...' -> 'officially signed on 08/02/1776'
2025-05-18 20:13:10,946 - WARNING - No API keys available for answer processing
2025-05-18 20:13:10,946 - INFO - Processing answer for question: How many lines are in the file?...
2025-05-18 20:13:10,946 - INFO - Using pattern-based extraction
2025-05-18 20:13:10,946 - INFO - Transformed answer: 'After analyzing the file, I found that it contains 247 lines in total....' -> '247'
2025-05-18 20:13:10,946 - INFO - Processing answer for question: What is the API key used in the configuration file?...
2025-05-18 20:13:10,946 - INFO - Using pattern-based extraction
2025-05-18 20:13:10,947 - INFO - Transformed answer: 'The configuration file contains the API key 'a1b2c3d4e5f6' which is used for authentication....' -> 'used for authentication'
2025-05-18 20:13:10,947 - WARNING - No API keys available for answer processing
2025-05-18 20:13:10,947 - INFO - Processing answer for question: List all the planets in our solar system....
2025-05-18 20:13:10,947 - INFO - Using pattern-based extraction
2025-05-18 20:13:10,947 - INFO - Transformed answer: 'The planets in our solar system are Mercury, Venus, Earth, Mars, Jupiter, Saturn, Uranus, and Neptun...' -> 'planets in our solar system are Mercury, Venus, Earth, Mars, Jupiter, Saturn, Uranus, Neptune'
2025-05-18 20:13:10,947 - WARNING - No API keys available for answer processing
2025-05-18 20:13:10,947 - INFO - Processing answer for question: Which option best describes photosynthesis? A) Respiration B) Energy conversion C) Digestion...
2025-05-18 20:13:10,947 - INFO - Using pattern-based extraction
2025-05-18 20:13:10,947 - INFO - Transformed answer: 'Photosynthesis is the process by which plants convert light energy into chemical energy. This is an ...' -> 'B'
2025-05-18 20:13:10,947 - INFO - Processing answer for question: Select the correct definition: 1) RAM 2) ROM 3) CPU 4) GPU...
2025-05-18 20:13:10,948 - INFO - Using pattern-based extraction
2025-05-18 20:13:10,948 - INFO - Transformed answer: 'Looking at the options, the CPU (Central Processing Unit) is the main processor of a computer. The a...' -> '3'
2025-05-18 20:13:10,948 - WARNING - No API keys available for answer processing
2025-05-18 20:13:10,948 - INFO - Processing answer for question: How many studio albums did Mercedes Sosa release between 2000 and 2009?...
2025-05-18 20:13:10,948 - INFO - Using pattern-based extraction
2025-05-18 20:13:10,948 - INFO - Transformed answer: 'Based on my analysis, Mercedes Sosa published 4 studio albums between 2000 and 2009....' -> '4'
2025-05-18 20:13:10,948 - INFO - Processing answer for question: What is the distance between Earth and the Moon in kilometers?...
2025-05-18 20:13:10,948 - INFO - Using pattern-based extraction
2025-05-18 20:13:10,948 - INFO - Transformed answer: 'The average distance between Earth and the Moon is approximately 384,400 kilometers....' -> 'The average distance between Earth and the Moon is approximately 384,'
2025-05-18 20:13:10,948 - WARNING - No API keys available for answer processing
2025-05-18 20:13:10,948 - INFO - Processing answer for question: What is 7 + 15?...
2025-05-18 20:13:10,948 - INFO - Using pattern-based extraction
2025-05-18 20:13:10,948 - INFO - Transformed answer: 'The answer is 22....' -> '22'
2025-05-18 20:13:10,948 - INFO - Processing answer for question: What is 7 + 15?...
2025-05-18 20:13:10,948 - INFO - Using pattern-based extraction
2025-05-18 20:13:10,948 - INFO - Transformed answer: 'According to the data, 22....' -> '22'
2025-05-18 20:13:10,948 - INFO - Processing answer for question: What is 7 + 15?...
2025-05-18 20:13:10,948 - INFO - Using pattern-based extraction
2025-05-18 20:13:10,948 - INFO - Transformed answer: 'Based on my analysis, 22....' -> '22'
2025-05-18 20:13:10,948 - INFO - Processing answer for question: What is 7 + 15?...
2025-05-18 20:13:10,948 - INFO - Using pattern-based extraction
2025-05-18 20:13:10,948 - INFO - Transformed answer: 'The result is 22....' -> '22'
2025-05-18 20:13:10,948 - INFO - Processing answer for question: What is 7 + 15?...
2025-05-18 20:13:10,948 - INFO - Using pattern-based extraction
2025-05-18 20:13:10,949 - INFO - Transformed answer: 'Therefore, 22....' -> '22'
2025-05-18 20:13:10,949 - WARNING - No API keys available for answer processing
2025-05-18 20:13:10,949 - INFO - Processing answer for question: What does the reversed text 'gnimmargorp' mean?...
2025-05-18 20:13:10,949 - INFO - Using pattern-based extraction
2025-05-18 20:13:10,949 - INFO - Transformed answer: 'The reversed text 'gnimmargorp' is 'programming' spelled backwards....' -> 'The reversed text 'gnimmargorp' is 'programming' spelled backwards'
2025-05-18 20:13:10,949 - WARNING - No API keys available for answer processing
2025-05-18 20:13:10,949 - INFO - Processing answer for question: What is the capital of France?...
2025-05-18 20:13:10,949 - INFO - Using pattern-based extraction
2025-05-18 20:13:10,949 - INFO - Transformed answer: 'The capital of France is Paris....' -> 'The capital of France is Paris'
2025-05-18 20:13:10,949 - WARNING - No API keys available for answer processing
2025-05-18 20:13:10,949 - INFO - Processing answer for question: What are the primary colors?...
2025-05-18 20:13:10,949 - INFO - Using pattern-based extraction
2025-05-18 20:13:10,949 - WARNING - Answer still verbose (67 words), applying aggressive trimming
2025-05-18 20:13:10,949 - INFO - Transformed answer: 'The primary colors in the traditional RYB color model used in art and painting are red, yellow, and ...' -> 'These, In, In, The'
2025-05-18 20:13:10,949 - WARNING - No API keys available for answer processing
2025-05-18 20:13:10,949 - INFO - Processing answer for question: Is water a compound?...
2025-05-18 20:13:10,949 - INFO - Using pattern-based extraction
2025-05-18 20:13:10,950 - INFO - Transformed answer: 'Yes, water (H2O) is a compound because it's made up of two hydrogen atoms and one oxygen atom....' -> 'a compound because it's made up of two hydrogen atoms and one oxygen atom'
2025-05-18 20:16:56,457 - WARNING - No API keys available for answer processing
2025-05-18 20:16:56,465 - WARNING - No API keys available for answer processing
2025-05-18 20:16:56,465 - INFO - Processing answer for question: In this chess position, what is the best move for white?...
2025-05-18 20:16:56,466 - INFO - Using pattern-based extraction
2025-05-18 20:16:56,467 - INFO - Transformed answer: 'After analyzing the position, I find that the best move for white is e4, developing the pawn and con...' -> 'e4'
2025-05-18 20:16:56,467 - INFO - Processing answer for question: What's the winning move in this position?...
2025-05-18 20:16:56,467 - INFO - Using pattern-based extraction
2025-05-18 20:16:56,467 - INFO - Transformed answer: 'The winning move is Qxd5, capturing the opponent's queen and putting the king in check....' -> 'Qxd5'
2025-05-18 20:16:56,467 - INFO - Processing answer for question: What is the safest move for the king in this position?...
2025-05-18 20:16:56,467 - INFO - Using pattern-based extraction
2025-05-18 20:16:56,467 - INFO - Transformed answer: 'The safest move for the king is to castle kingside with O-O, which moves the king to safety and deve...' -> 'to castle kingside with O-O'
2025-05-18 20:16:56,468 - WARNING - No API keys available for answer processing
2025-05-18 20:16:56,468 - INFO - Processing answer for question: Write a Python function to calculate the factorial of a number....
2025-05-18 20:16:56,468 - INFO - Using pattern-based extraction
2025-05-18 20:16:56,468 - INFO - Transformed answer: 'To calculate the factorial of a number in Python, you can use the following function:

```python
def...' -> 'def factorial(n):
    if n == 0 or n == 1:
        return 1
    else:
        return n * factorial(n-1)'
2025-05-18 20:16:56,468 - INFO - Processing answer for question: How do you reverse a string in JavaScript?...
2025-05-18 20:16:56,468 - INFO - Using pattern-based extraction
2025-05-18 20:16:56,468 - INFO - Transformed answer: 'To reverse a string in JavaScript, you can use this one-liner:

```javascript
function reverseString...' -> 'one-liner'
2025-05-18 20:16:56,469 - WARNING - No API keys available for answer processing
2025-05-18 20:16:56,469 - INFO - Processing answer for question: What are the coordinates of the Eiffel Tower?...
2025-05-18 20:16:56,469 - INFO - Using pattern-based extraction
2025-05-18 20:16:56,469 - INFO - Transformed answer: 'The Eiffel Tower is located at coordinates 48.8584, 2.2945 in Paris, France....' -> 'Eiffel Tower is located at coordinates 48.8584, 2.2945 in Paris, France'
2025-05-18 20:16:56,469 - WARNING - No API keys available for answer processing
2025-05-18 20:16:56,470 - INFO - Processing answer for question: When was the Declaration of Independence signed?...
2025-05-18 20:16:56,470 - INFO - Using pattern-based extraction
2025-05-18 20:16:56,470 - INFO - Transformed answer: 'The Declaration of Independence was officially signed on 08/02/1776, although July 4th is celebrated...' -> 'officially signed on 08/02/1776'
2025-05-18 20:16:56,470 - WARNING - No API keys available for answer processing
2025-05-18 20:16:56,470 - INFO - Processing answer for question: How many lines are in the file?...
2025-05-18 20:16:56,470 - INFO - Using pattern-based extraction
2025-05-18 20:16:56,470 - INFO - Transformed answer: 'After analyzing the file, I found that it contains 247 lines in total....' -> '247'
2025-05-18 20:16:56,470 - INFO - Processing answer for question: What is the API key used in the configuration file?...
2025-05-18 20:16:56,470 - INFO - Using pattern-based extraction
2025-05-18 20:16:56,471 - INFO - Transformed answer: 'The configuration file contains the API key 'a1b2c3d4e5f6' which is used for authentication....' -> 'used for authentication'
2025-05-18 20:16:56,471 - WARNING - No API keys available for answer processing
2025-05-18 20:16:56,471 - INFO - Processing answer for question: List all the planets in our solar system....
2025-05-18 20:16:56,471 - INFO - Using pattern-based extraction
2025-05-18 20:16:56,471 - INFO - Transformed answer: 'The planets in our solar system are Mercury, Venus, Earth, Mars, Jupiter, Saturn, Uranus, and Neptun...' -> 'Mercury, Venus, Earth, Mars, Jupiter, Saturn, Uranus, Neptune'
2025-05-18 20:16:56,471 - INFO - Processing answer for question: List all vegetables in the recipe, alphabetically....
2025-05-18 20:16:56,471 - INFO - Using pattern-based extraction
2025-05-18 20:16:56,471 - INFO - Transformed answer: 'The recipe contains the following vegetables: tomatoes, onions, bell peppers, garlic, and carrots....' -> 'bell peppers, carrots, garlic, onions, tomatoes'
2025-05-18 20:16:56,471 - INFO - Processing answer for question: What are the main features of Python?...
2025-05-18 20:16:56,471 - INFO - Using pattern-based extraction
2025-05-18 20:16:56,471 - INFO - Transformed answer: 'Python's main features include:
        * Interpreted language
        * Dynamically typed
        *...' -> 'Interpreted language, Dynamically typed, Object-oriented, High-level, Extensive standard library'
2025-05-18 20:16:56,471 - WARNING - No API keys available for answer processing
2025-05-18 20:16:56,472 - INFO - Processing answer for question: Which option best describes photosynthesis? A) Respiration B) Energy conversion C) Digestion...
2025-05-18 20:16:56,472 - INFO - Using pattern-based extraction
2025-05-18 20:16:56,472 - INFO - Transformed answer: 'Photosynthesis is the process by which plants convert light energy into chemical energy. This is an ...' -> 'B'
2025-05-18 20:16:56,472 - INFO - Processing answer for question: Select the correct definition: 1) RAM 2) ROM 3) CPU 4) GPU...
2025-05-18 20:16:56,472 - INFO - Using pattern-based extraction
2025-05-18 20:16:56,472 - INFO - Transformed answer: 'Looking at the options, the CPU (Central Processing Unit) is the main processor of a computer. The a...' -> '3'
2025-05-18 20:16:56,472 - WARNING - No API keys available for answer processing
2025-05-18 20:16:56,472 - INFO - Processing answer for question: How many studio albums did Mercedes Sosa release between 2000 and 2009?...
2025-05-18 20:16:56,472 - INFO - Using pattern-based extraction
2025-05-18 20:16:56,472 - INFO - Transformed answer: 'Based on my analysis, Mercedes Sosa published 4 studio albums between 2000 and 2009....' -> '4'
2025-05-18 20:16:56,472 - INFO - Processing answer for question: What is the distance between Earth and the Moon in kilometers?...
2025-05-18 20:16:56,472 - INFO - Using pattern-based extraction
2025-05-18 20:16:56,473 - INFO - Transformed answer: 'The average distance between Earth and the Moon is approximately 384,400 kilometers....' -> 'The average distance between Earth and the Moon is approximately 384,'
2025-05-18 20:16:56,473 - WARNING - No API keys available for answer processing
2025-05-18 20:16:56,473 - INFO - Processing answer for question: What is 7 + 15?...
2025-05-18 20:16:56,473 - INFO - Using pattern-based extraction
2025-05-18 20:16:56,473 - INFO - Transformed answer: 'The answer is 22....' -> '22'
2025-05-18 20:16:56,473 - INFO - Processing answer for question: What is 7 + 15?...
2025-05-18 20:16:56,473 - INFO - Using pattern-based extraction
2025-05-18 20:16:56,473 - INFO - Transformed answer: 'According to the data, 22....' -> '22'
2025-05-18 20:16:56,473 - INFO - Processing answer for question: What is 7 + 15?...
2025-05-18 20:16:56,473 - INFO - Using pattern-based extraction
2025-05-18 20:16:56,473 - INFO - Transformed answer: 'Based on my analysis, 22....' -> '22'
2025-05-18 20:16:56,473 - INFO - Processing answer for question: What is 7 + 15?...
2025-05-18 20:16:56,473 - INFO - Using pattern-based extraction
2025-05-18 20:16:56,474 - INFO - Transformed answer: 'The result is 22....' -> '22'
2025-05-18 20:16:56,474 - INFO - Processing answer for question: What is 7 + 15?...
2025-05-18 20:16:56,474 - INFO - Using pattern-based extraction
2025-05-18 20:16:56,474 - INFO - Transformed answer: 'Therefore, 22....' -> '22'
2025-05-18 20:16:56,474 - WARNING - No API keys available for answer processing
2025-05-18 20:16:56,474 - INFO - Processing answer for question: What does the reversed text 'gnimmargorp' mean?...
2025-05-18 20:16:56,474 - INFO - Using pattern-based extraction
2025-05-18 20:16:56,474 - INFO - Transformed answer: 'The reversed text 'gnimmargorp' is 'programming' spelled backwards....' -> 'programming'
2025-05-18 20:16:56,474 - INFO - Processing answer for question: Reverse the text 'hello world'...
2025-05-18 20:16:56,474 - INFO - Using pattern-based extraction
2025-05-18 20:16:56,474 - INFO - Transformed answer: 'The text 'hello world' reversed is 'dlrow olleh'....' -> 'is'
2025-05-18 20:16:56,474 - WARNING - No API keys available for answer processing
2025-05-18 20:16:56,474 - INFO - Processing answer for question: What is the capital of France?...
2025-05-18 20:16:56,475 - INFO - Using pattern-based extraction
2025-05-18 20:16:56,475 - INFO - Transformed answer: 'The capital of France is Paris....' -> 'The capital of France is Paris'
2025-05-18 20:16:56,475 - WARNING - No API keys available for answer processing
2025-05-18 20:16:56,475 - INFO - Processing answer for question: What are the primary colors?...
2025-05-18 20:16:56,475 - INFO - Using pattern-based extraction
2025-05-18 20:16:56,475 - WARNING - Answer still verbose (67 words), applying aggressive trimming
2025-05-18 20:16:56,475 - INFO - Transformed answer: 'The primary colors in the traditional RYB color model used in art and painting are red, yellow, and ...' -> 'primary colors in the traditional RYB color model used in art and painting are red, yellow, blue. These colors cannot be created by mixing other colors together. In the RGB color model used for digital displays, primary colors are red, green, blue. In the CMYK color model used for printing, primary colors are cyan, magenta, yellow, black. The answer depends on which color model we're referring to'
2025-05-18 20:16:56,475 - WARNING - No API keys available for answer processing
2025-05-18 20:16:56,475 - INFO - Processing answer for question: Is water a compound?...
2025-05-18 20:16:56,475 - INFO - Using pattern-based extraction
2025-05-18 20:16:56,475 - INFO - Transformed answer: 'Yes, water (H2O) is a compound because it's made up of two hydrogen atoms and one oxygen atom....' -> 'a compound because it's made up of two hydrogen atoms and one oxygen atom'
2025-05-18 20:17:43,851 - WARNING - No API keys available for answer processing
2025-05-18 20:17:43,857 - WARNING - No API keys available for answer processing
2025-05-18 20:17:43,857 - INFO - Processing answer for question: In this chess position, what is the best move for white?...
2025-05-18 20:17:43,857 - INFO - Processing answer for question: What's the winning move in this position?...
2025-05-18 20:17:43,857 - INFO - Processing answer for question: What is the safest move for the king in this position?...
2025-05-18 20:17:43,858 - WARNING - No API keys available for answer processing
2025-05-18 20:17:43,858 - INFO - Processing answer for question: Write a Python function to calculate the factorial of a number....
2025-05-18 20:17:43,858 - INFO - Processing answer for question: How do you reverse a string in JavaScript?...
2025-05-18 20:17:43,858 - WARNING - No API keys available for answer processing
2025-05-18 20:17:43,858 - INFO - Processing answer for question: What are the coordinates of the Eiffel Tower?...
2025-05-18 20:17:43,858 - INFO - Processing answer for question: What is the location of Mount Everest?...
2025-05-18 20:17:43,858 - WARNING - No API keys available for answer processing
2025-05-18 20:17:43,858 - INFO - Processing answer for question: When was the Declaration of Independence signed?...
2025-05-18 20:17:43,858 - INFO - Processing answer for question: When did World War II end?...
2025-05-18 20:17:43,858 - WARNING - No API keys available for answer processing
2025-05-18 20:17:43,858 - INFO - Processing answer for question: How many lines are in the file?...
2025-05-18 20:17:43,858 - INFO - Processing answer for question: What is the API key used in the configuration file?...
2025-05-18 20:17:43,858 - WARNING - No API keys available for answer processing
2025-05-18 20:17:43,858 - INFO - Processing answer for question: List all the planets in our solar system....
2025-05-18 20:17:43,858 - INFO - Processing answer for question: List all vegetables in the recipe, alphabetically....
2025-05-18 20:17:43,858 - INFO - Processing answer for question: What are the main features of Python?...
2025-05-18 20:17:43,858 - WARNING - No API keys available for answer processing
2025-05-18 20:17:43,858 - INFO - Processing answer for question: Which option best describes photosynthesis? A) Respiration B) Energy conversion C) Digestion...
2025-05-18 20:17:43,858 - INFO - Processing answer for question: Select the correct definition: 1) RAM 2) ROM 3) CPU 4) GPU...
2025-05-18 20:17:43,858 - WARNING - No API keys available for answer processing
2025-05-18 20:17:43,858 - INFO - Processing answer for question: How many studio albums did Mercedes Sosa release between 2000 and 2009?...
2025-05-18 20:17:43,858 - INFO - Processing answer for question: What is the distance between Earth and the Moon in kilometers?...
2025-05-18 20:17:43,858 - INFO - Processing answer for question: What is 15 times 7?...
2025-05-18 20:17:43,858 - WARNING - No API keys available for answer processing
2025-05-18 20:17:43,858 - INFO - Processing answer for question: What is 7 + 15?...
2025-05-18 20:17:43,859 - INFO - Using pattern-based extraction
2025-05-18 20:17:43,860 - INFO - Transformed answer: 'The answer is 22....' -> '22'
2025-05-18 20:17:43,860 - INFO - Processing answer for question: What is 7 + 15?...
2025-05-18 20:17:43,860 - INFO - Using pattern-based extraction
2025-05-18 20:17:43,860 - INFO - Transformed answer: 'According to the data, 22....' -> '22'
2025-05-18 20:17:43,860 - INFO - Processing answer for question: What is 7 + 15?...
2025-05-18 20:17:43,860 - INFO - Using pattern-based extraction
2025-05-18 20:17:43,860 - INFO - Transformed answer: 'Based on my analysis, 22....' -> '22'
2025-05-18 20:17:43,860 - INFO - Processing answer for question: What is 7 + 15?...
2025-05-18 20:17:43,860 - INFO - Using pattern-based extraction
2025-05-18 20:17:43,860 - INFO - Transformed answer: 'The result is 22....' -> '22'
2025-05-18 20:17:43,860 - INFO - Processing answer for question: What is 7 + 15?...
2025-05-18 20:17:43,860 - INFO - Using pattern-based extraction
2025-05-18 20:17:43,860 - INFO - Transformed answer: 'Therefore, 22....' -> '22'
2025-05-18 20:17:43,860 - WARNING - No API keys available for answer processing
2025-05-18 20:17:43,860 - INFO - Processing answer for question: What does the reversed text 'gnimmargorp' mean?...
2025-05-18 20:17:43,860 - INFO - Processing answer for question: Reverse the text 'hello world'...
2025-05-18 20:17:43,860 - WARNING - No API keys available for answer processing
2025-05-18 20:17:43,860 - INFO - Processing answer for question: What is the capital of France?...
2025-05-18 20:17:43,860 - INFO - Processing answer for question: What element has the chemical symbol 'O'?...
2025-05-18 20:17:43,860 - WARNING - No API keys available for answer processing
2025-05-18 20:17:43,860 - INFO - Processing answer for question: What are the primary colors?...
2025-05-18 20:17:43,860 - INFO - Processing answer for question: Write a function to check if a string is a palindrome....
2025-05-18 20:17:43,861 - INFO - Using pattern-based extraction
2025-05-18 20:17:43,861 - INFO - Transformed answer: 'Here's a function to check if a string is a palindrome:

```python
def is_palindrome(s):
    # Remov...' -> 'def is_palindrome(s):
    # Remove non-alphanumeric characters and convert to lowercase
    s = ''.join(char.lower() for char in s if char.isalnum())
    # Check if the string is equal to its reverse
    return s == s[::-1]

# Test the function
test_cases = [
    "A man, a plan, a canal, Panama!",  # True
    "racecar",  # True
    "hello"  # False
]

for test in test_cases:
    print(f"{test!r} {'is' if is_palindrome(test) else 'is not'} a palindrome")'
2025-05-18 20:17:43,861 - WARNING - No API keys available for answer processing
2025-05-18 20:17:43,861 - INFO - Processing answer for question: Is water a compound?...
2025-05-18 20:17:43,861 - INFO - Processing answer for question: Is oxygen classified as a compound?...
2025-05-18 20:17:43,861 - INFO - Processing answer for question: Does water freeze at 50 degrees Celsius?...
2025-05-18 20:36:58,802 - WARNING - No API keys available for answer processing
2025-05-18 20:36:58,809 - WARNING - No API keys available for answer processing
2025-05-18 20:36:58,809 - INFO - Processing answer for question: In this chess position, what is the best move for white?...
2025-05-18 20:36:58,809 - INFO - Processing answer for question: What's the winning move in this position?...
2025-05-18 20:36:58,809 - INFO - Processing answer for question: What is the safest move for the king in this position?...
2025-05-18 20:36:58,809 - WARNING - No API keys available for answer processing
2025-05-18 20:36:58,809 - INFO - Processing answer for question: Write a Python function to calculate the factorial of a number....
2025-05-18 20:36:58,809 - INFO - Processing answer for question: How do you reverse a string in JavaScript?...
2025-05-18 20:36:58,809 - WARNING - No API keys available for answer processing
2025-05-18 20:36:58,809 - INFO - Processing answer for question: What are the coordinates of the Eiffel Tower?...
2025-05-18 20:36:58,809 - INFO - Processing answer for question: What is the location of Mount Everest?...
2025-05-18 20:36:58,809 - WARNING - No API keys available for answer processing
2025-05-18 20:36:58,809 - INFO - Processing answer for question: When was the Declaration of Independence signed?...
2025-05-18 20:36:58,809 - INFO - Processing answer for question: When did World War II end?...
2025-05-18 20:36:58,809 - WARNING - No API keys available for answer processing
2025-05-18 20:36:58,809 - INFO - Processing answer for question: How many lines are in the file?...
2025-05-18 20:36:58,809 - INFO - Processing answer for question: What is the API key used in the configuration file?...
2025-05-18 20:36:58,809 - WARNING - No API keys available for answer processing
2025-05-18 20:36:58,809 - INFO - Processing answer for question: List all the planets in our solar system....
2025-05-18 20:36:58,809 - INFO - Processing answer for question: List all vegetables in the recipe, alphabetically....
2025-05-18 20:36:58,809 - INFO - Processing answer for question: What are the main features of Python?...
2025-05-18 20:36:58,809 - WARNING - No API keys available for answer processing
2025-05-18 20:36:58,809 - INFO - Processing answer for question: Which option best describes photosynthesis? A) Respiration B) Energy conversion C) Digestion...
2025-05-18 20:36:58,809 - INFO - Processing answer for question: Select the correct definition: 1) RAM 2) ROM 3) CPU 4) GPU...
2025-05-18 20:36:58,809 - WARNING - No API keys available for answer processing
2025-05-18 20:36:58,809 - INFO - Processing answer for question: How many studio albums did Mercedes Sosa release between 2000 and 2009?...
2025-05-18 20:36:58,809 - INFO - Processing answer for question: What is the distance between Earth and the Moon in kilometers?...
2025-05-18 20:36:58,809 - INFO - Processing answer for question: What is 15 times 7?...
2025-05-18 20:36:58,810 - WARNING - No API keys available for answer processing
2025-05-18 20:36:58,810 - INFO - Processing answer for question: What is 7 + 15?...
2025-05-18 20:36:58,811 - INFO - Using pattern-based extraction
2025-05-18 20:36:58,812 - INFO - Transformed answer: 'The answer is 22....' -> '22'
2025-05-18 20:36:58,812 - INFO - Processing answer for question: What is 7 + 15?...
2025-05-18 20:36:58,812 - INFO - Using pattern-based extraction
2025-05-18 20:36:58,812 - INFO - Transformed answer: 'According to the data, 22....' -> '22'
2025-05-18 20:36:58,812 - INFO - Processing answer for question: What is 7 + 15?...
2025-05-18 20:36:58,812 - INFO - Using pattern-based extraction
2025-05-18 20:36:58,813 - INFO - Transformed answer: 'Based on my analysis, 22....' -> '22'
2025-05-18 20:36:58,813 - INFO - Processing answer for question: What is 7 + 15?...
2025-05-18 20:36:58,813 - INFO - Using pattern-based extraction
2025-05-18 20:36:58,813 - INFO - Transformed answer: 'The result is 22....' -> '22'
2025-05-18 20:36:58,813 - INFO - Processing answer for question: What is 7 + 15?...
2025-05-18 20:36:58,813 - INFO - Using pattern-based extraction
2025-05-18 20:36:58,813 - INFO - Transformed answer: 'Therefore, 22....' -> '22'
2025-05-18 20:36:58,813 - WARNING - No API keys available for answer processing
2025-05-18 20:36:58,813 - INFO - Processing answer for question: What does the reversed text 'gnimmargorp' mean?...
2025-05-18 20:36:58,813 - INFO - Processing answer for question: Reverse the text 'hello world'...
2025-05-18 20:36:58,813 - WARNING - No API keys available for answer processing
2025-05-18 20:36:58,813 - INFO - Processing answer for question: What is the capital of France?...
2025-05-18 20:36:58,813 - INFO - Processing answer for question: What element has the chemical symbol 'O'?...
2025-05-18 20:36:58,813 - WARNING - No API keys available for answer processing
2025-05-18 20:36:58,813 - INFO - Processing answer for question: What are the primary colors?...
2025-05-18 20:36:58,813 - INFO - Processing answer for question: Write a function to check if a string is a palindrome....
2025-05-18 20:36:58,813 - INFO - Using pattern-based extraction
2025-05-18 20:36:58,813 - INFO - Transformed answer: 'Here's a function to check if a string is a palindrome:

```python
def is_palindrome(s):
    # Remov...' -> 'def is_palindrome(s):
    # Remove non-alphanumeric characters and convert to lowercase
    s = ''.join(char.lower() for char in s if char.isalnum())
    # Check if the string is equal to its reverse
    return s == s[::-1]

# Test the function
test_cases = [
    "A man, a plan, a canal, Panama!",  # True
    "racecar",  # True
    "hello"  # False
]

for test in test_cases:
    print(f"{test!r} {'is' if is_palindrome(test) else 'is not'} a palindrome")'
2025-05-18 20:36:58,814 - WARNING - No API keys available for answer processing
2025-05-18 20:36:58,814 - INFO - Processing answer for question: Is water a compound?...
2025-05-18 20:36:58,814 - INFO - Processing answer for question: Is oxygen classified as a compound?...
2025-05-18 20:36:58,814 - INFO - Processing answer for question: Does water freeze at 50 degrees Celsius?...
2025-05-18 20:38:05,365 - WARNING - No API keys available for answer processing
2025-05-18 20:38:05,369 - WARNING - No API keys available for answer processing
2025-05-18 20:38:05,369 - INFO - Processing answer for question: In this chess position, what is the best move for white?...
2025-05-18 20:38:05,369 - INFO - Processing answer for question: What's the winning move in this position?...
2025-05-18 20:38:05,370 - INFO - Processing answer for question: What is the safest move for the king in this position?...
2025-05-18 20:38:05,370 - WARNING - No API keys available for answer processing
2025-05-18 20:38:05,370 - INFO - Processing answer for question: Write a Python function to calculate the factorial of a number....
2025-05-18 20:38:05,370 - INFO - Processing answer for question: How do you reverse a string in JavaScript?...
2025-05-18 20:38:05,370 - WARNING - No API keys available for answer processing
2025-05-18 20:38:05,370 - INFO - Processing answer for question: What are the coordinates of the Eiffel Tower?...
2025-05-18 20:38:05,370 - INFO - Processing answer for question: What is the location of Mount Everest?...
2025-05-18 20:38:05,370 - WARNING - No API keys available for answer processing
2025-05-18 20:38:05,370 - INFO - Processing answer for question: When was the Declaration of Independence signed?...
2025-05-18 20:38:05,370 - INFO - Processing answer for question: When did World War II end?...
2025-05-18 20:38:05,370 - WARNING - No API keys available for answer processing
2025-05-18 20:38:05,370 - INFO - Processing answer for question: How many lines are in the file?...
2025-05-18 20:38:05,370 - INFO - Processing answer for question: What is the API key used in the configuration file?...
2025-05-18 20:38:05,370 - WARNING - No API keys available for answer processing
2025-05-18 20:38:05,370 - INFO - Processing answer for question: List all the planets in our solar system....
2025-05-18 20:38:05,370 - INFO - Processing answer for question: List all vegetables in the recipe, alphabetically....
2025-05-18 20:38:05,370 - INFO - Processing answer for question: What are the main features of Python?...
2025-05-18 20:38:05,370 - WARNING - No API keys available for answer processing
2025-05-18 20:38:05,370 - INFO - Processing answer for question: Which option best describes photosynthesis? A) Respiration B) Energy conversion C) Digestion...
2025-05-18 20:38:05,370 - INFO - Processing answer for question: Select the correct definition: 1) RAM 2) ROM 3) CPU 4) GPU...
2025-05-18 20:38:05,370 - WARNING - No API keys available for answer processing
2025-05-18 20:38:05,370 - INFO - Processing answer for question: How many studio albums did Mercedes Sosa release between 2000 and 2009?...
2025-05-18 20:38:05,370 - INFO - Processing answer for question: What is the distance between Earth and the Moon in kilometers?...
2025-05-18 20:38:05,370 - INFO - Processing answer for question: What is 15 times 7?...
2025-05-18 20:38:05,370 - WARNING - No API keys available for answer processing
2025-05-18 20:38:05,370 - INFO - Processing answer for question: What is 7 + 15?...
2025-05-18 20:38:05,372 - INFO - Using pattern-based extraction
2025-05-18 20:38:05,373 - INFO - Transformed answer: 'The answer is 22....' -> '22'
2025-05-18 20:38:05,373 - INFO - Processing answer for question: What is 7 + 15?...
2025-05-18 20:38:05,373 - INFO - Using pattern-based extraction
2025-05-18 20:38:05,373 - INFO - Transformed answer: 'According to the data, 22....' -> '22'
2025-05-18 20:38:05,373 - INFO - Processing answer for question: What is 7 + 15?...
2025-05-18 20:38:05,373 - INFO - Using pattern-based extraction
2025-05-18 20:38:05,373 - INFO - Transformed answer: 'Based on my analysis, 22....' -> '22'
2025-05-18 20:38:05,373 - INFO - Processing answer for question: What is 7 + 15?...
2025-05-18 20:38:05,373 - INFO - Using pattern-based extraction
2025-05-18 20:38:05,374 - INFO - Transformed answer: 'The result is 22....' -> '22'
2025-05-18 20:38:05,374 - INFO - Processing answer for question: What is 7 + 15?...
2025-05-18 20:38:05,374 - INFO - Using pattern-based extraction
2025-05-18 20:38:05,374 - INFO - Transformed answer: 'Therefore, 22....' -> '22'
2025-05-18 20:38:05,374 - WARNING - No API keys available for answer processing
2025-05-18 20:38:05,374 - INFO - Processing answer for question: What does the reversed text 'gnimmargorp' mean?...
2025-05-18 20:38:05,374 - INFO - Processing answer for question: Reverse the text 'hello world'...
2025-05-18 20:38:05,374 - WARNING - No API keys available for answer processing
2025-05-18 20:38:05,374 - INFO - Processing answer for question: What is the capital of France?...
2025-05-18 20:38:05,374 - INFO - Processing answer for question: What element has the chemical symbol 'O'?...
2025-05-18 20:38:05,374 - WARNING - No API keys available for answer processing
2025-05-18 20:38:05,374 - INFO - Processing answer for question: What are the primary colors?...
2025-05-18 20:38:05,374 - INFO - Processing answer for question: Write a function to check if a string is a palindrome....
2025-05-18 20:38:05,374 - INFO - Using pattern-based extraction
2025-05-18 20:38:05,374 - INFO - Transformed answer: 'Here's a function to check if a string is a palindrome:

```python
def is_palindrome(s):
    # Remov...' -> 'def is_palindrome(s):
    # Remove non-alphanumeric characters and convert to lowercase
    s = ''.join(char.lower() for char in s if char.isalnum())
    # Check if the string is equal to its reverse
    return s == s[::-1]'
2025-05-18 20:38:05,374 - WARNING - No API keys available for answer processing
2025-05-18 20:38:05,374 - INFO - Processing answer for question: Is water a compound?...
2025-05-18 20:38:05,374 - INFO - Processing answer for question: Is oxygen classified as a compound?...
2025-05-18 20:38:05,374 - INFO - Processing answer for question: Does water freeze at 50 degrees Celsius?...
2025-05-18 20:38:30,471 - WARNING - No API keys available for answer processing
2025-05-18 20:38:30,471 - INFO - Processing answer for question: How many studio albums did Mercedes Sosa release between 2000 and 2009?...
2025-05-18 20:38:30,471 - INFO - Processing answer for question: What is the best move in this chess position?...
2025-05-18 20:38:30,472 - INFO - Using pattern-based extraction
2025-05-18 20:38:30,473 - INFO - Transformed answer: 'After analyzing the position, I believe Qh4 is the best move as it threatens checkmate....' -> 'Qh4'
2025-05-18 20:38:30,473 - INFO - Processing answer for question: List the ingredients in this recipe, alphabetically....
2025-05-18 20:38:30,473 - INFO - Using pattern-based extraction
2025-05-18 20:38:30,473 - INFO - Transformed answer: 'The recipe includes the following ingredients: cornstarch, ripe strawberries, salt, white sugar....' -> 'cornstarch, ripe strawberries, salt, white sugar'
2025-05-18 20:38:30,474 - INFO - Processing answer for question: What page numbers do I need to study for the Calculus mid-term?...
2025-05-18 20:38:30,474 - INFO - Using pattern-based extraction
2025-05-18 20:38:30,474 - INFO - Transformed answer: 'The page numbers you need to study for the Calculus mid-term, as mentioned in the audio recording, a...' -> '5, 12, 25, 31, 42'
2025-05-18 20:38:30,474 - INFO - Processing answer for question: What is the NASA award number that supported the work?...
2025-05-18 20:38:30,474 - INFO - Using pattern-based extraction
2025-05-18 20:38:30,474 - INFO - Transformed answer: 'The answer to the user task is: The work performed by R. Thompson, S. Barthelmy, and D. Palmer was s...' -> 'NAS5-26555'
2025-05-18 20:38:30,474 - INFO - Processing answer for question: According to the recording, which city has the highest pollution levels?...
2025-05-18 20:38:30,474 - INFO - Using pattern-based extraction
2025-05-18 20:38:30,475 - INFO - Transformed answer: 'Based on the information gathered in the previous exchange, the answer is: Hanoi...' -> 'Hanoi'
2025-05-18 20:38:30,475 - INFO - Processing answer for question: Who were the pitchers mentioned in the baseball discussion?...
2025-05-18 20:38:30,475 - INFO - Using pattern-based extraction
2025-05-18 20:38:30,475 - INFO - Transformed answer: 'The answer to the user's task is: Uehara,...' -> 'Uehara, Matsuzaka'
2025-05-18 20:47:16,284 - WARNING - No API keys available for answer processing
2025-05-18 20:47:16,284 - INFO - Processing answer for question: How many studio albums did Mercedes Sosa release between 2000 and 2009?...
2025-05-18 20:47:16,284 - INFO - Processing answer for question: What is the best move in this chess position?...
2025-05-18 20:47:16,285 - INFO - Using pattern-based extraction
2025-05-18 20:47:16,286 - INFO - Transformed answer: 'After analyzing the position, I believe Qh4 is the best move as it threatens checkmate....' -> 'Qh4'
2025-05-18 20:47:16,286 - INFO - Processing answer for question: List the ingredients in this recipe, alphabetically....
2025-05-18 20:47:16,286 - INFO - Using pattern-based extraction
2025-05-18 20:47:16,286 - INFO - Transformed answer: 'The recipe includes the following ingredients: cornstarch, ripe strawberries, salt, white sugar....' -> 'cornstarch, ripe strawberries, salt, white sugar'
2025-05-18 20:47:16,286 - INFO - Processing answer for question: What page numbers do I need to study for the Calculus mid-term?...
2025-05-18 20:47:16,286 - INFO - Using pattern-based extraction
2025-05-18 20:47:16,287 - INFO - Transformed answer: 'The page numbers you need to study for the Calculus mid-term, as mentioned in the audio recording, a...' -> '5, 12, 25, 31, 42'
2025-05-18 20:47:16,287 - INFO - Processing answer for question: What is the NASA award number that supported the work?...
2025-05-18 20:47:16,287 - INFO - Using pattern-based extraction
2025-05-18 20:47:16,287 - INFO - Transformed answer: 'The answer to the user task is: The work performed by R. Thompson, S. Barthelmy, and D. Palmer was s...' -> 'NAS5-26555'
2025-05-18 20:47:16,287 - INFO - Processing answer for question: According to the recording, which city has the highest pollution levels?...
2025-05-18 20:47:16,287 - INFO - Using pattern-based extraction
2025-05-18 20:47:16,287 - INFO - Transformed answer: 'Based on the information gathered in the previous exchange, the answer is: Hanoi...' -> 'Hanoi'
2025-05-18 20:47:16,287 - INFO - Processing answer for question: Who were the pitchers mentioned in the baseball discussion?...
2025-05-18 20:47:16,287 - INFO - Using pattern-based extraction
2025-05-18 20:47:16,287 - INFO - Transformed answer: 'The answer to the user's task is: Uehara,...' -> 'Uehara, Matsuzaka'
2025-05-18 21:13:51,756 - WARNING - No API keys available for answer processing
2025-05-18 21:13:51,757 - INFO - Processing answer for question: How many studio albums did Mercedes Sosa release between 2000 and 2009?...
2025-05-18 21:13:51,757 - INFO - Processing answer for question: What is the best move in this chess position?...
2025-05-18 21:13:51,757 - INFO - Using pattern-based extraction
2025-05-18 21:13:51,759 - INFO - Transformed answer: 'After analyzing the position, I believe Qh4 is the best move as it threatens checkmate....' -> 'Qh4'
2025-05-18 21:13:51,759 - INFO - Processing answer for question: List the ingredients in this recipe, alphabetically....
2025-05-18 21:13:51,759 - INFO - Using pattern-based extraction
2025-05-18 21:13:51,759 - INFO - Transformed answer: 'The recipe includes the following ingredients: cornstarch, ripe strawberries, salt, white sugar....' -> 'cornstarch, ripe strawberries, salt, white sugar'
2025-05-18 21:13:51,759 - INFO - Processing answer for question: What page numbers do I need to study for the Calculus mid-term?...
2025-05-18 21:13:51,760 - INFO - Using pattern-based extraction
2025-05-18 21:13:51,760 - INFO - Transformed answer: 'The page numbers you need to study for the Calculus mid-term, as mentioned in the audio recording, a...' -> '5, 12, 25, 31, 42'
2025-05-18 21:13:51,760 - INFO - Processing answer for question: What is the NASA award number that supported the work?...
2025-05-18 21:13:51,760 - INFO - Using pattern-based extraction
2025-05-18 21:13:51,760 - INFO - Transformed answer: 'The answer to the user task is: The work performed by R. Thompson, S. Barthelmy, and D. Palmer was s...' -> 'NAS5-26555'
2025-05-18 21:13:51,760 - INFO - Processing answer for question: According to the recording, which city has the highest pollution levels?...
2025-05-18 21:13:51,760 - INFO - Using pattern-based extraction
2025-05-18 21:13:51,760 - INFO - Transformed answer: 'Based on the information gathered in the previous exchange, the answer is: Hanoi...' -> 'Hanoi'
2025-05-18 21:13:51,760 - INFO - Processing answer for question: Who were the pitchers mentioned in the baseball discussion?...
2025-05-18 21:13:51,761 - INFO - Using pattern-based extraction
2025-05-18 21:13:51,761 - INFO - Transformed answer: 'The answer to the user's task is: Uehara,...' -> 'Uehara, Matsuzaka'
2025-05-18 21:14:00,569 - WARNING - No API keys available for answer processing
2025-05-18 21:14:00,572 - WARNING - No API keys available for answer processing
2025-05-18 21:14:00,572 - INFO - Processing answer for question: In this chess position, what is the best move for white?...
2025-05-18 21:14:00,572 - INFO - Processing answer for question: What's the winning move in this position?...
2025-05-18 21:14:00,572 - INFO - Processing answer for question: What is the safest move for the king in this position?...
2025-05-18 21:14:00,572 - WARNING - No API keys available for answer processing
2025-05-18 21:14:00,572 - INFO - Processing answer for question: Write a Python function to calculate the factorial of a number....
2025-05-18 21:14:00,572 - INFO - Processing answer for question: How do you reverse a string in JavaScript?...
2025-05-18 21:14:00,572 - WARNING - No API keys available for answer processing
2025-05-18 21:14:00,572 - INFO - Processing answer for question: What are the coordinates of the Eiffel Tower?...
2025-05-18 21:14:00,572 - INFO - Processing answer for question: What is the location of Mount Everest?...
2025-05-18 21:14:00,572 - WARNING - No API keys available for answer processing
2025-05-18 21:14:00,572 - INFO - Processing answer for question: When was the Declaration of Independence signed?...
2025-05-18 21:14:00,572 - INFO - Processing answer for question: When did World War II end?...
2025-05-18 21:14:00,572 - WARNING - No API keys available for answer processing
2025-05-18 21:14:00,572 - INFO - Processing answer for question: How many lines are in the file?...
2025-05-18 21:14:00,572 - INFO - Processing answer for question: What is the API key used in the configuration file?...
2025-05-18 21:14:00,572 - WARNING - No API keys available for answer processing
2025-05-18 21:14:00,572 - INFO - Processing answer for question: List all the planets in our solar system....
2025-05-18 21:14:00,572 - INFO - Processing answer for question: List all vegetables in the recipe, alphabetically....
2025-05-18 21:14:00,572 - INFO - Processing answer for question: What are the main features of Python?...
2025-05-18 21:14:00,572 - WARNING - No API keys available for answer processing
2025-05-18 21:14:00,572 - INFO - Processing answer for question: Which option best describes photosynthesis? A) Respiration B) Energy conversion C) Digestion...
2025-05-18 21:14:00,572 - INFO - Processing answer for question: Select the correct definition: 1) RAM 2) ROM 3) CPU 4) GPU...
2025-05-18 21:14:00,572 - WARNING - No API keys available for answer processing
2025-05-18 21:14:00,572 - INFO - Processing answer for question: How many studio albums did Mercedes Sosa release between 2000 and 2009?...
2025-05-18 21:14:00,572 - INFO - Processing answer for question: What is the distance between Earth and the Moon in kilometers?...
2025-05-18 21:14:00,572 - INFO - Processing answer for question: What is 15 times 7?...
2025-05-18 21:14:00,572 - WARNING - No API keys available for answer processing
2025-05-18 21:14:00,572 - INFO - Processing answer for question: What is 7 + 15?...
2025-05-18 21:14:00,573 - INFO - Using pattern-based extraction
2025-05-18 21:14:00,575 - INFO - Transformed answer: 'The answer is 22....' -> '22'
2025-05-18 21:14:00,575 - INFO - Processing answer for question: What is 7 + 15?...
2025-05-18 21:14:00,575 - INFO - Using pattern-based extraction
2025-05-18 21:14:00,575 - INFO - Transformed answer: 'According to the data, 22....' -> '22'
2025-05-18 21:14:00,575 - INFO - Processing answer for question: What is 7 + 15?...
2025-05-18 21:14:00,576 - INFO - Using pattern-based extraction
2025-05-18 21:14:00,576 - INFO - Transformed answer: 'Based on my analysis, 22....' -> '22'
2025-05-18 21:14:00,576 - INFO - Processing answer for question: What is 7 + 15?...
2025-05-18 21:14:00,576 - INFO - Using pattern-based extraction
2025-05-18 21:14:00,576 - INFO - Transformed answer: 'The result is 22....' -> '22'
2025-05-18 21:14:00,576 - INFO - Processing answer for question: What is 7 + 15?...
2025-05-18 21:14:00,576 - INFO - Using pattern-based extraction
2025-05-18 21:14:00,576 - INFO - Transformed answer: 'Therefore, 22....' -> '22'
2025-05-18 21:14:00,576 - WARNING - No API keys available for answer processing
2025-05-18 21:14:00,576 - INFO - Processing answer for question: What does the reversed text 'gnimmargorp' mean?...
2025-05-18 21:14:00,576 - INFO - Processing answer for question: Reverse the text 'hello world'...
2025-05-18 21:14:00,576 - WARNING - No API keys available for answer processing
2025-05-18 21:14:00,576 - INFO - Processing answer for question: What is the capital of France?...
2025-05-18 21:14:00,576 - INFO - Processing answer for question: What element has the chemical symbol 'O'?...
2025-05-18 21:14:00,576 - WARNING - No API keys available for answer processing
2025-05-18 21:14:00,576 - INFO - Processing answer for question: What are the primary colors?...
2025-05-18 21:14:00,576 - INFO - Processing answer for question: Write a function to check if a string is a palindrome....
2025-05-18 21:14:00,576 - INFO - Using pattern-based extraction
2025-05-18 21:14:00,576 - INFO - Transformed answer: 'Here's a function to check if a string is a palindrome:

```python
def is_palindrome(s):
    # Remov...' -> 'def is_palindrome(s):
    # Remove non-alphanumeric characters and convert to lowercase
    s = ''.join(char.lower() for char in s if char.isalnum())
    # Check if the string is equal to its reverse
    return s == s[::-1]'
2025-05-18 21:14:00,577 - WARNING - No API keys available for answer processing
2025-05-18 21:14:00,577 - INFO - Processing answer for question: Is water a compound?...
2025-05-18 21:14:00,577 - INFO - Processing answer for question: Is oxygen classified as a compound?...
2025-05-18 21:14:00,577 - INFO - Processing answer for question: Does water freeze at 50 degrees Celsius?...
