2025-05-18 22:19:39,511 - INFO - Processing answer for question: How many studio albums did Mercedes Sosa release between 2000 and 2009?...
2025-05-18 22:19:39,511 - DEBUG - FULL QUESTION: How many studio albums did Mercedes Sosa release between 2000 and 2009?
2025-05-18 22:19:39,511 - DEBUG - RAW ANSWER FROM AGENT: Based on my analysis, Mercedes Sosa published 4 studio albums between 2000 and 2009.
2025-05-18 22:19:39,511 - INFO - Processing answer for question: What is the NASA award number that supported the work?...
2025-05-18 22:19:39,511 - DEBUG - FULL QUESTION: What is the NASA award number that supported the work?
2025-05-18 22:19:39,511 - DEBUG - RAW ANSWER FROM AGENT: The NASA award number that supported the work was NAS5-26555.
2025-05-18 22:19:39,512 - INFO - Using pattern-based extraction
2025-05-18 22:19:39,512 - INFO - Using pattern-based extraction
2025-05-18 22:19:39,513 - INFO - Transformed answer: 'The NASA award number that supported the work was NAS5-26555....' -> 'NAS5-26555'
2025-05-18 22:19:39,513 - INFO - Processing answer for question: List all vegetables found in the recipe, alphabetically....
2025-05-18 22:19:39,513 - DEBUG - FULL QUESTION: List all vegetables found in the recipe, alphabetically.
2025-05-18 22:19:39,513 - DEBUG - RAW ANSWER FROM AGENT: The recipe contains the following vegetables: tomatoes, onions, bell peppers, garlic, and carrots.
2025-05-18 22:19:39,513 - INFO - Using pattern-based extraction
2025-05-18 22:19:39,513 - INFO - Using pattern-based extraction
2025-05-18 22:19:39,514 - INFO - Using entity recognition logic
2025-05-18 22:19:39,514 - INFO - Transformed answer: 'The recipe contains the following vegetables: tomatoes, onions, bell peppers, garlic, and carrots....' -> 'bell peppers, carrots, garlic, onions, tomatoes'
2025-05-18 22:19:39,515 - INFO - Processing answer for question: Who nominated the only Featured Article on English Wikipedia about a dinosaur that was promoted in N...
2025-05-18 22:19:39,515 - DEBUG - FULL QUESTION: Who nominated the only Featured Article on English Wikipedia about a dinosaur that was promoted in November 2006?
2025-05-18 22:19:39,515 - DEBUG - RAW ANSWER FROM AGENT: After researching, I found that the only Featured Article on English Wikipedia about a dinosaur that was promoted in November 2006 was nominated by User:Firsfron.
2025-05-18 22:19:39,515 - INFO - Using pattern-based extraction
2025-05-18 22:19:39,515 - INFO - Using pattern-based extraction
2025-05-18 22:19:39,515 - INFO - Using entity recognition logic
2025-05-18 22:19:39,515 - INFO - Transformed answer: 'After researching, I found that the only Featured ...' -> 'User'
2025-05-18 22:19:39,515 - INFO - Transformed answer: 'After researching, I found that the only Featured Article on English Wikipedia about a dinosaur that...' -> 'User'
2025-05-18 22:19:39,515 - INFO - Processing answer for question: In the video https://www.youtube.com/watch?v=L1vXCYZAYYM, what is the highest number of bird species...
2025-05-18 22:19:39,515 - DEBUG - FULL QUESTION: In the video https://www.youtube.com/watch?v=L1vXCYZAYYM, what is the highest number of bird species shown simultaneously?
2025-05-18 22:19:39,515 - DEBUG - RAW ANSWER FROM AGENT: After watching the video, the highest number of bird species shown simultaneously appears to be 6, which occurs at the 1:32 mark where you can see a variety of songbirds at a feeder including cardinals, chickadees, and finches.
2025-05-18 22:19:39,515 - INFO - Using pattern-based extraction
2025-05-18 22:19:39,515 - INFO - Using pattern-based extraction
2025-05-18 22:19:39,516 - INFO - Using enhanced numeric extraction
2025-05-18 22:19:39,516 - INFO - Transformed answer: 'After watching the video, the highest number of bi...' -> '32'
2025-05-18 22:19:39,516 - INFO - Transformed answer: 'After watching the video, the highest number of bird species shown simultaneously appears to be 6, w...' -> '32'
2025-05-18 22:19:39,518 - INFO - Using pattern-based extraction
2025-05-18 22:19:39,518 - INFO - Using enhanced numeric extraction
2025-05-18 22:19:39,518 - INFO - Transformed answer: 'After watching the video, the highest number of bi...' -> '32'
2025-05-18 22:19:39,518 - INFO - Using enhanced numeric extraction
2025-05-18 22:19:39,519 - INFO - Using entity recognition logic
2025-05-18 22:19:39,519 - INFO - Using pattern-based extraction
2025-05-18 22:19:39,519 - INFO - Using entity recognition logic
2025-05-18 22:19:39,519 - INFO - Transformed answer: 'After researching, I found that the only Featured ...' -> 'User'
2025-05-18 22:19:39,519 - INFO - Using enhanced numeric extraction
2025-05-18 22:19:39,519 - INFO - Using entity recognition logic
